Microchip MPLAB XC8 Compiler V2.20

Linker command line:

-W-3 --edf=C:\Program Files\Microchip\xc8\v2.20\pic\dat\en_msgs.txt -cn \
  -h+dist/default/production\TIMER_Driver.X.production.sym \
  --cmf=dist/default/production\TIMER_Driver.X.production.cmf -z -Q16F877A \
  -oC:\Users\mo\AppData\Local\Temp\saq0.2 --defsym=__MPLAB_BUILD=1 \
  -Mdist/default/production/TIMER_Driver.X.production.map -E1 \
  -ver=XC8 Compiler --acfsm=1493 -ASTACK=0110h-016Fh -pstack=STACK \
  -ACODE=00h-07FFhx4 -ASTRCODE=00h-01FFFh -ASTRING=00h-0FFhx32 \
  -ACONST=00h-0FFhx32 -AENTRY=00h-0FFhx32 -ACOMMON=070h-07Fh \
  -ABANK0=020h-06Fh -ABANK1=0A0h-0EFh -ABANK2=0110h-016Fh \
  -ABANK3=0190h-01EFh -ARAM=020h-06Fh,0A0h-0EFh,0110h-016Fh,0190h-01EFh \
  -AABS1=020h-07Fh,0A0h-0EFh,0110h-016Fh,0190h-01EFh -ASFR0=00h-01Fh \
  -ASFR1=080h-09Fh -ASFR2=0100h-010Fh -ASFR3=0180h-018Fh \
  -ACONFIG=02007h-02007h -DCONFIG=2 -AIDLOC=02000h-02003h -DIDLOC=2 \
  -preset_vec=00h,intentry=04h,init,end_init -ppowerup=CODE -pcinit=CODE \
  -pfunctab=ENTRY -AEEDATA=00h-0FFh/02100h -peeprom_data=EEDATA -DEEDATA=2 \
  -DCODE=2 -DSTRCODE=2 -DSTRING=2 -DCONST=2 -DENTRY=2 -k \
  C:\Users\mo\AppData\Local\Temp\saq0.o \
  dist/default/production\TIMER_Driver.X.production.o 

Object code version is 3.11

Machine type is 16F877A



                Name                               Link     Load   Length Selector   Space Scale
C:\Users\mo\AppData\Local\Temp\saq0.o
                end_init                             12       12        3        8       0
                reset_vec                             0        0        3        0       0
dist/default/production\TIMER_Driver.X.production.o
                cinit                                15       15       35        8       0
                functab                              4A       4A       13       94       0
                intentry                              4        4        E        8       0
                text22                              43C      43C       3C       BA       0
                text21                              588      588       11       BA       0
                text20                              50F      50F       1B       BA       0
                text19                              599      599        F       BA       0
                text18                              576      576       12       BA       0
                text17                              314      314       57       BA       0
                text16                              3FC      3FC       40       BA       0
                text15                              4E7      4E7       28       BA       0
                text14                              478      478       3B       BA       0
                text13                              5A8      5A8        D       BA       0
                text12                              5DE      5DE        9       BA       0
                text11                              5D5      5D5        9       BA       0
                text10                              5CC      5CC        9       BA       0
                text9                               551      551       13       BA       0
                text8                               5B5      5B5        C       BA       0
                text7                               5C1      5C1        B       BA       0
                text6                               36B      36B       49       BA       0
                text5                               4B3      4B3       34       BA       0
                text4                                5D       5D      114       BA       0
                text3                               24A      24A       68       BA       0
                text2                               3B4      3B4       48       BA       0
                text1                               2B2      2B2       62       BA       0
                maintext                            171      171       D9       BA       0
                cstackBANK0                          20       20       23       20       1
                cstackCOMMON                         70       70        8       70       1
                clrtext                             5EF      5EF        8      BDE       0
                inittext                            53E      53E       13       BA       0
                dataBANK1                            DB       DB       14       A0       1
                bssBANK1                             A0       A0       3B       A0       1
                dataBANK0                            5B       5B       12       20       1
                bssBANK0                             43       43       18       20       1
                bssCOMMON                            78       78        6       70       1
                nvBANK0                              6D       6D        1       20       1
                strings                             5E7      5E7        8      BCE       0
                idataBANK1                          52A      52A       14       BA       0
                idataBANK0                          564      564       12       BA       0

TOTAL           Name                               Link     Load   Length     Space
        CLASS   STACK          

        CLASS   CODE           
                end_init                             12       12        3         0
                cinit                                15       15       35         0
                intentry                              4        4        E         0
                reset_vec                             0        0        3         0
                text22                              43C      43C       3C         0
                text21                              588      588       11         0
                text20                              50F      50F       1B         0
                text19                              599      599        F         0
                text18                              576      576       12         0
                text17                              314      314       57         0
                text16                              3FC      3FC       40         0
                text15                              4E7      4E7       28         0
                text14                              478      478       3B         0
                text13                              5A8      5A8        D         0
                text12                              5DE      5DE        9         0
                text11                              5D5      5D5        9         0
                text10                              5CC      5CC        9         0
                text9                               551      551       13         0
                text8                               5B5      5B5        C         0
                text7                               5C1      5C1        B         0
                text6                               36B      36B       49         0
                text5                               4B3      4B3       34         0
                text4                                5D       5D      114         0
                text3                               24A      24A       68         0
                text2                               3B4      3B4       48         0
                text1                               2B2      2B2       62         0
                maintext                            171      171       D9         0
                clrtext                             5EF      5EF        8         0
                inittext                            53E      53E       13         0
                idataBANK1                          52A      52A       14         0
                idataBANK0                          564      564       12         0

        CLASS   STRCODE        

        CLASS   STRING         
                strings                             5E7      5E7        8         0

        CLASS   CONST          

        CLASS   ENTRY          
                functab                              4A       4A       13         0

        CLASS   COMMON         
                cstackCOMMON                         70       70        8         1
                bssCOMMON                            78       78        6         1

        CLASS   BANK0          
                cstackBANK0                          20       20       23         1
                dataBANK0                            5B       5B       12         1
                bssBANK0                             43       43       18         1
                nvBANK0                              6D       6D        1         1

        CLASS   BANK1          
                dataBANK1                            DB       DB       14         1
                bssBANK1                             A0       A0       3B         1

        CLASS   BANK2          

        CLASS   BANK3          

        CLASS   RAM            

        CLASS   ABS1           
                abs_s1                               7E       7E        2         1

        CLASS   SFR0           

        CLASS   SFR1           

        CLASS   SFR2           

        CLASS   SFR3           

        CLASS   CONFIG         

        CLASS   IDLOC          

        CLASS   EEDATA         



SEGMENTS        Name                           Load    Length   Top    Selector   Space  Class     Delta

                reset_vec                      000000  000003  000003         0       0  CODE        2
                intentry                       000004  000046  00004A         8       0  CODE        2
                cstackBANK0                    000020  00004E  00006E        20       1  BANK0       1
                cstackCOMMON                   000070  00000E  00007E        70       1  COMMON      1
                functab                        00004A  000013  00005D        94       0  ENTRY       2
                bssBANK1                       0000A0  00004F  0000EF        A0       1  BANK1       1
                text4                          00005D  00058A  0005E7        BA       0  CODE        2
                strings                        0005E7  000008  0005EF       BCE       0  STRING      2
                clrtext                        0005EF  000008  0005F7       BDE       0  CODE        2


UNUSED ADDRESS RANGES

        Name                Unused          Largest block    Delta
        BANK0            06E-06F             2           1
        BANK1            0EF-0EF             1           1
        BANK2            110-16F            60           1
        BANK3            190-1EF            60           1
        CODE             003-003             1           2
                         5F7-1FFF           800
        CONFIG           2007-2007             1           2
        CONST            003-003             1           2
                         5F7-1FFF           100
        EEDATA           2100-21FF           100           2
        ENTRY            003-003             1           2
                         5F7-1FFF           100
        IDLOC            2000-2003             4           2
        RAM              06E-06F             2           1
                         0EF-0EF             1
                         110-16F            60
                         190-1EF            60
        SFR0             000-01F            20           1
        SFR1             080-09F            20           1
        SFR2             100-10F            10           1
        SFR3             180-18F            10           1
        STACK            110-16F            60           1
        STRCODE          003-003             1           2
                         5F7-1FFF          1A09
        STRING           003-003             1           2
                         5F7-1FFF           100

                                  Symbol Table

?_ADC_READ                             cstackBANK0  02A
?___lldiv                              cstackBANK0  02D
?___lmul                               cstackBANK0  020
DIO_Write@first_powerup                bssBANK0     052
DIO_init@DIO_info                      cstackBANK0  023
DIO_init@first_powerup_init            bssBANK0     053
DIO_init@ret_error                     cstackBANK0  022
EEPROM_Read@Data                       cstackBANK0  023
EEPROM_Read@add                        cstackBANK0  021
EEPROM_Write@add                       cstackBANK0  021
EEPROM_Write@data                      cstackBANK0  023
I2C_Init@i2c_info                      cstackBANK0  03F
I2C_Master_Write@data                  cstackBANK0  020
SwDelay_ms@counter_21                  cstackBANK0  029
SwDelay_ms@counter_256                 cstackBANK0  028
SwDelay_ms@n                           cstackBANK0  020
SwDelay_us@n                           cstackBANK0  020
_ADC_INT                               bssBANK0     050
_ADC_READ                              text14       478
_Buffer_Array                          bssBANK1     0A0
_DIO_init                              text4        05D
_Dio_configutation_C                   dataBANK0    069
_EEPROM_Read                           text6        36B
_EEPROM_Write                          text5        4B3
_I2C_Begin                             text12       5DE
_I2C_End                               text11       5D5
_I2C_Hold                              text13       5A8
_I2C_Init                              text1        2B2
_I2C_Master_RepeatedStart              text10       5CC
_I2C_Master_Write                      text9        551
_I2C_NACK                              text8        5B5
_I2C_Read_Byte                         text7        5C1
_I2c_Configuration_Eeprom              dataBANK0    064
_Prescaler0                            dataBANK0    063
_Prescaler1                            bssBANK0     055
_SwDelay_ms                            text16       3FC
_SwDelay_us                            text15       4E7
_TIMER0OVF_INT                         bssCOMMON    07D
_TIMER1OVF_INT                         bssBANK0     057
_TIMER2OVF_INT                         bssBANK0     056
_Timer_Configuration0                  dataBANK1    0EA
_Timer_Configuration2                  dataBANK1    0E5
_Timer_Deinit_Configuration0           bssBANK1     0D6
__Habs1                                abs1         000
__Hbank0                               bank0        000
__Hbank1                               bank1        000
__Hbank2                               bank2        000
__Hbank3                               bank3        000
__HbssBANK0                            bssBANK0     000
__HbssBANK1                            bssBANK1     000
__HbssCOMMON                           bssCOMMON    000
__Hcinit                               cinit        04A
__Hclrtext                             clrtext      000
__Hcode                                code         000
__Hcommon                              common       000
__HcstackBANK0                         cstackBANK0  000
__HcstackCOMMON                        cstackCOMMON 000
__HdataBANK0                           dataBANK0    000
__HdataBANK1                           dataBANK1    000
__Heeprom_data                         eeprom_data  000
__Hend_init                            end_init     015
__Hfunctab                             functab      05D
__HidataBANK0                          idataBANK0   000
__HidataBANK1                          idataBANK1   000
__Hinit                                init         012
__Hinittext                            inittext     000
__Hintentry                            intentry     012
__Hmaintext                            maintext     000
__HnvBANK0                             nvBANK0      000
__Hpowerup                             powerup      000
__Hram                                 ram          000
__Hreset_vec                           reset_vec    003
__Hsfr0                                sfr0         000
__Hsfr1                                sfr1         000
__Hsfr2                                sfr2         000
__Hsfr3                                sfr3         000
__Hspace_0                             (abs)        5F7
__Hspace_1                             (abs)        0EF
__Hspace_2                             (abs)        000
__Hspace_3                             (abs)        000
__Hstack                               stack        000
__Hstrings                             strings      000
__Htext                                text         000
__Labs1                                abs1         000
__Lbank0                               bank0        000
__Lbank1                               bank1        000
__Lbank2                               bank2        000
__Lbank3                               bank3        000
__LbssBANK0                            bssBANK0     000
__LbssBANK1                            bssBANK1     000
__LbssCOMMON                           bssCOMMON    000
__Lcinit                               cinit        015
__Lclrtext                             clrtext      000
__Lcode                                code         000
__Lcommon                              common       000
__LcstackBANK0                         cstackBANK0  000
__LcstackCOMMON                        cstackCOMMON 000
__LdataBANK0                           dataBANK0    000
__LdataBANK1                           dataBANK1    000
__Leeprom_data                         eeprom_data  000
__Lend_init                            end_init     012
__Lfunctab                             functab      04A
__LidataBANK0                          idataBANK0   000
__LidataBANK1                          idataBANK1   000
__Linit                                init         012
__Linittext                            inittext     000
__Lintentry                            intentry     004
__Lmaintext                            maintext     000
__LnvBANK0                             nvBANK0      000
__Lpowerup                             powerup      000
__Lram                                 ram          000
__Lreset_vec                           reset_vec    000
__Lsfr0                                sfr0         000
__Lsfr1                                sfr1         000
__Lsfr2                                sfr2         000
__Lsfr3                                sfr3         000
__Lspace_0                             (abs)        000
__Lspace_1                             (abs)        000
__Lspace_2                             (abs)        000
__Lspace_3                             (abs)        000
__Lstack                               stack        000
__Lstrings                             strings      000
__Ltext                                text         000
__S0                                   (abs)        5F7
__S1                                   (abs)        0EF
__S2                                   (abs)        000
__S3                                   (abs)        000
___int_sp                              stack        000
___latbits                             (abs)        002
___lldiv                               text3        24A
___lldiv@counter                       cstackBANK0  03A
___lldiv@dividend                      cstackBANK0  031
___lldiv@divisor                       cstackBANK0  02D
___lldiv@quotient                      cstackBANK0  036
___lmul                                text2        3B4
___lmul@multiplicand                   cstackBANK0  024
___lmul@multiplier                     cstackBANK0  020
___lmul@product                        cstackBANK0  029
___sp                                  stack        000
___stackhi                             (abs)        000
___stacklo                             (abs)        000
__end_of_ADC_READ                      text14       4B3
__end_of_DIO_init                      text4        171
__end_of_EEPROM_Read                   text6        3B4
__end_of_EEPROM_Write                  text5        4E7
__end_of_I2C_Begin                     text12       5E7
__end_of_I2C_End                       text11       5DE
__end_of_I2C_Hold                      text13       5B5
__end_of_I2C_Init                      text1        314
__end_of_I2C_Master_RepeatedStart      text10       5D5
__end_of_I2C_Master_Write              text9        564
__end_of_I2C_NACK                      text8        5C1
__end_of_I2C_Read_Byte                 text7        5CC
__end_of_SwDelay_ms                    text16       43C
__end_of_SwDelay_us                    text15       50F
__end_of_TMU_Configuration             strings      5EF
__end_of___lldiv                       text3        2B2
__end_of___lmul                        text2        3FC
__end_of__i1fptable                    functab      05D
__end_of__initialization               cinit        046
__end_of__stringtab                    strings      5ED
__end_of_adc_interrupt_routine         text21       599
__end_of_checkmyisr                    text17       36B
__end_of_clear_int_flag                text22       478
__end_of_main                          maintext     24A
__end_of_timer0_interrupt_ovfRoutine   text19       5A8
__end_of_timer1_interrupt_ovfRoutine   text18       588
__end_of_timer2_interrupt_ovfRoutine   text20       52A
__i1fptable                            functab      04B
__initialization                       cinit        015
__pbssBANK0                            bssBANK0     043
__pbssBANK1                            bssBANK1     0A0
__pbssCOMMON                           bssCOMMON    078
__pcstackBANK0                         cstackBANK0  020
__pcstackCOMMON                        cstackCOMMON 070
__pdataBANK0                           dataBANK0    05B
__pdataBANK1                           dataBANK1    0DB
__pfunctab                             functab      04A
__pidataBANK0                          idataBANK0   564
__pidataBANK1                          idataBANK1   52A
__pintentry                            intentry     004
__pmaintext                            maintext     171
__pnvBANK0                             nvBANK0      06D
__pstrings                             strings      5E7
__ptext1                               text1        2B2
__ptext10                              text10       5CC
__ptext11                              text11       5D5
__ptext12                              text12       5DE
__ptext13                              text13       5A8
__ptext14                              text14       478
__ptext15                              text15       4E7
__ptext16                              text16       3FC
__ptext17                              text17       314
__ptext18                              text18       576
__ptext19                              text19       599
__ptext2                               text2        3B4
__ptext20                              text20       50F
__ptext21                              text21       588
__ptext22                              text22       43C
__ptext3                               text3        24A
__ptext4                               text4        05D
__ptext5                               text5        4B3
__ptext6                               text6        36B
__ptext7                               text7        5C1
__ptext8                               text8        5B5
__ptext9                               text9        551
__size_of_ADC_READ                     (abs)        000
__size_of_DIO_init                     (abs)        000
__size_of_EEPROM_Read                  (abs)        000
__size_of_EEPROM_Write                 (abs)        000
__size_of_I2C_Begin                    (abs)        000
__size_of_I2C_End                      (abs)        000
__size_of_I2C_Hold                     (abs)        000
__size_of_I2C_Init                     (abs)        000
__size_of_I2C_Master_RepeatedStart     (abs)        000
__size_of_I2C_Master_Write             (abs)        000
__size_of_I2C_NACK                     (abs)        000
__size_of_I2C_Read_Byte                (abs)        000
__size_of_SwDelay_ms                   (abs)        000
__size_of_SwDelay_us                   (abs)        000
__size_of___lldiv                      (abs)        000
__size_of___lmul                       (abs)        000
__size_of__i1fptable                   (abs)        000
__size_of_adc_interrupt_routine        (abs)        000
__size_of_checkmyisr                   (abs)        000
__size_of_clear_int_flag               (abs)        000
__size_of_main                         (abs)        000
__size_of_timer0_interrupt_ovfRoutine  (abs)        000
__size_of_timer1_interrupt_ovfRoutine  (abs)        000
__size_of_timer2_interrupt_ovfRoutine  (abs)        000
__stringbase                           strings      5EC
__stringtab                            strings      5E7
_adc_interrupt_routine                 text21       588
_checkmyisr                            text17       314
_clear_int_flag                        text22       43C
_is_init                               nvBANK0      06D
_main                                  maintext     171
_timer0_interrupt_ovfRoutine           text19       599
_timer1_interrupt_ovfRoutine           text18       576
_timer2_interrupt_ovfRoutine           text20       50F
_u16_data                              bssBANK0     04C
_u16_result_data                       bssBANK0     04A
_u8Excution_to_be_done                 bssCOMMON    078
_u8_FUN_index                          bssCOMMON    079
_u8_Is_Intialized                      bssCOMMON    07A
_u8_timer2Count                        bssBANK0     054
_u8global_int_enabled                  bssCOMMON    07C
_u8prepheral_int_enabled               bssCOMMON    07B
btemp                                  (abs)        07E
clear_int_flag@ret_error               cstackCOMMON 072
clear_int_flag@u8_interrupt_prepherals cstackCOMMON 073
clear_ram0                             clrtext      5EF
end_of_initialization                  cinit        046
fpbase                                 (abs)        000
fptable                                functab      04A
fptotal                                (abs)        000
i1fpbase                               functab      050
i1fptable                              functab      04B
i1fptotal                              (abs)        007
init_fetch0                            inittext     53E
init_ram0                              inittext     542
interrupt_function                     intentry     004
intlevel0                              functab      04A
intlevel1                              functab      04A
intlevel2                              functab      04A
intlevel3                              functab      04A
intlevel4                              functab      04A
intlevel5                              functab      04A
main@Address                           cstackBANK0  041
main@Data                              cstackBANK0  040
pushButtonGetStatus@u8_Button_press    bssBANK0     058
pushButtonGetStatus@u8_S_button_status bssBANK0     047
reset_vec                              reset_vec    000
saved_w                                (abs)        07E
start                                  init         012
start_initialization                   cinit        015
wtemp0                                 (abs)        07E


FUNCTION INFORMATION:

 *************** function _main *****************
 Defined at:
		line 13 in file "main.c"
 Parameters:    Size  Location     Type
		None
 Auto vars:     Size  Location     Type
  Address         2   33[BANK0 ] unsigned int 
  Data            1   32[BANK0 ] unsigned char 
 Return value:  Size  Location     Type
                  2  241[None  ] int 
 Registers used:
		wreg, fsr0l, fsr0h, status,2, status,0, btemp+1, pclath, cstack
 Tracked objects:
		On entry : 
		On exit  : 
		Unchanged: 
 Data sizes:     COMMON   BANK0   BANK1   BANK3   BANK2
      Params:         0       0       0       0       0
      Locals:         0       3       0       0       0
      Temps:          0       0       0       0       0
      Totals:         0       3       0       0       0
Total ram usage:        3 bytes
 Hardware stack levels required when called:    6
 This function calls:
		_ADC_READ
		_EEPROM_Read
		_EEPROM_Write
		_I2C_Init
		_SwDelay_ms
 This function is called by:
		Startup code after reset
 This function uses a non-reentrant model


 *************** function _I2C_Init *****************
 Defined at:
		line 6 in file "I2C.c"
 Parameters:    Size  Location     Type
  i2c_info        1    wreg     PTR struct .
		 -> I2c_Configuration_Eeprom(5), 
 Auto vars:     Size  Location     Type
  i2c_info        1   31[BANK0 ] PTR struct .
		 -> I2c_Configuration_Eeprom(5), 
 Return value:  Size  Location     Type
                  1    wreg      void 
 Registers used:
		wreg, fsr0l, fsr0h, status,2, status,0, btemp+1, pclath, cstack
 Tracked objects:
		On entry : 
		On exit  : 
		Unchanged: 
 Data sizes:     COMMON   BANK0   BANK1   BANK3   BANK2
      Params:         0       0       0       0       0
      Locals:         0       1       0       0       0
      Temps:          0       4       0       0       0
      Totals:         0       5       0       0       0
Total ram usage:        5 bytes
 Hardware stack levels used:    1
 Hardware stack levels required when called:    4
 This function calls:
		_DIO_init
		___lldiv
		___lmul
 This function is called by:
		_main
 This function uses a non-reentrant model


 *************** function ___lmul *****************
 Defined at:
		line 15 in file "C:\Program Files\Microchip\xc8\v2.20\pic\sources\c90\common\Umul32.c"
 Parameters:    Size  Location     Type
  multiplier      4    0[BANK0 ] unsigned long 
  multiplicand    4    4[BANK0 ] unsigned long 
 Auto vars:     Size  Location     Type
  product         4    9[BANK0 ] unsigned long 
 Return value:  Size  Location     Type
                  4    0[BANK0 ] unsigned long 
 Registers used:
		wreg, status,2, status,0
 Tracked objects:
		On entry : 
		On exit  : 
		Unchanged: 
 Data sizes:     COMMON   BANK0   BANK1   BANK3   BANK2
      Params:         0       8       0       0       0
      Locals:         0       4       0       0       0
      Temps:          0       1       0       0       0
      Totals:         0      13       0       0       0
Total ram usage:       13 bytes
 Hardware stack levels used:    1
 Hardware stack levels required when called:    3
 This function calls:
		Nothing
 This function is called by:
		_I2C_Init
 This function uses a non-reentrant model


 *************** function ___lldiv *****************
 Defined at:
		line 5 in file "C:\Program Files\Microchip\xc8\v2.20\pic\sources\c90\common\__lldiv.c"
 Parameters:    Size  Location     Type
  divisor         4   13[BANK0 ] unsigned long 
  dividend        4   17[BANK0 ] unsigned long 
 Auto vars:     Size  Location     Type
  quotient        4   22[BANK0 ] unsigned long 
  counter         1   26[BANK0 ] unsigned char 
 Return value:  Size  Location     Type
                  4   13[BANK0 ] unsigned long 
 Registers used:
		wreg, status,2, status,0, btemp+1
 Tracked objects:
		On entry : 
		On exit  : 
		Unchanged: 
 Data sizes:     COMMON   BANK0   BANK1   BANK3   BANK2
      Params:         0       8       0       0       0
      Locals:         0       5       0       0       0
      Temps:          0       1       0       0       0
      Totals:         0      14       0       0       0
Total ram usage:       14 bytes
 Hardware stack levels used:    1
 Hardware stack levels required when called:    3
 This function calls:
		Nothing
 This function is called by:
		_I2C_Init
 This function uses a non-reentrant model


 *************** function _DIO_init *****************
 Defined at:
		line 11 in file "DIO.c"
 Parameters:    Size  Location     Type
  DIO_info        1    wreg     PTR struct DIO_Cfg_s
		 -> Dio_configutation_C(4), 
 Auto vars:     Size  Location     Type
  DIO_info        1    3[BANK0 ] PTR struct DIO_Cfg_s
		 -> Dio_configutation_C(4), 
  ret_error       1    2[BANK0 ] unsigned char 
 Return value:  Size  Location     Type
                  1    wreg      unsigned char 
 Registers used:
		wreg, fsr0l, fsr0h, status,2, status,0, btemp+1
 Tracked objects:
		On entry : 
		On exit  : 
		Unchanged: 
 Data sizes:     COMMON   BANK0   BANK1   BANK3   BANK2
      Params:         0       0       0       0       0
      Locals:         0       2       0       0       0
      Temps:          0       2       0       0       0
      Totals:         0       4       0       0       0
Total ram usage:        4 bytes
 Hardware stack levels used:    1
 Hardware stack levels required when called:    3
 This function calls:
		Nothing
 This function is called by:
		_I2C_Init
 This function uses a non-reentrant model


 *************** function _EEPROM_Write *****************
 Defined at:
		line 79 in file "I2C.c"
 Parameters:    Size  Location     Type
  add             2    1[BANK0 ] unsigned int 
  data            1    3[BANK0 ] unsigned char 
 Auto vars:     Size  Location     Type
		None
 Return value:  Size  Location     Type
                  1    wreg      void 
 Registers used:
		wreg, status,2, status,0, btemp+1, pclath, cstack
 Tracked objects:
		On entry : 
		On exit  : 
		Unchanged: 
 Data sizes:     COMMON   BANK0   BANK1   BANK3   BANK2
      Params:         0       3       0       0       0
      Locals:         0       0       0       0       0
      Temps:          0       0       0       0       0
      Totals:         0       3       0       0       0
Total ram usage:        3 bytes
 Hardware stack levels used:    1
 Hardware stack levels required when called:    5
 This function calls:
		_I2C_Begin
		_I2C_End
		_I2C_Master_RepeatedStart
		_I2C_Master_Write
 This function is called by:
		_main
 This function uses a non-reentrant model


 *************** function _EEPROM_Read *****************
 Defined at:
		line 91 in file "I2C.c"
 Parameters:    Size  Location     Type
  add             2    1[BANK0 ] unsigned int 
 Auto vars:     Size  Location     Type
  Data            1    3[BANK0 ] unsigned char 
 Return value:  Size  Location     Type
                  1    wreg      unsigned char 
 Registers used:
		wreg, status,2, status,0, btemp+1, pclath, cstack
 Tracked objects:
		On entry : 
		On exit  : 
		Unchanged: 
 Data sizes:     COMMON   BANK0   BANK1   BANK3   BANK2
      Params:         0       2       0       0       0
      Locals:         0       1       0       0       0
      Temps:          0       0       0       0       0
      Totals:         0       3       0       0       0
Total ram usage:        3 bytes
 Hardware stack levels used:    1
 Hardware stack levels required when called:    5
 This function calls:
		_I2C_Begin
		_I2C_End
		_I2C_Master_RepeatedStart
		_I2C_Master_Write
		_I2C_NACK
		_I2C_Read_Byte
 This function is called by:
		_main
 This function uses a non-reentrant model


 *************** function _I2C_Read_Byte *****************
 Defined at:
		line 57 in file "I2C.c"
 Parameters:    Size  Location     Type
		None
 Auto vars:     Size  Location     Type
		None
 Return value:  Size  Location     Type
                  1    wreg      unsigned char 
 Registers used:
		wreg, status,2, status,0, pclath, cstack
 Tracked objects:
		On entry : 
		On exit  : 
		Unchanged: 
 Data sizes:     COMMON   BANK0   BANK1   BANK3   BANK2
      Params:         0       0       0       0       0
      Locals:         0       0       0       0       0
      Temps:          0       0       0       0       0
      Totals:         0       0       0       0       0
Total ram usage:        0 bytes
 Hardware stack levels used:    1
 Hardware stack levels required when called:    4
 This function calls:
		_I2C_Hold
 This function is called by:
		_EEPROM_Read
 This function uses a non-reentrant model


 *************** function _I2C_NACK *****************
 Defined at:
		line 73 in file "I2C.c"
 Parameters:    Size  Location     Type
		None
 Auto vars:     Size  Location     Type
		None
 Return value:  Size  Location     Type
                  1    wreg      void 
 Registers used:
		wreg, status,2, status,0, pclath, cstack
 Tracked objects:
		On entry : 
		On exit  : 
		Unchanged: 
 Data sizes:     COMMON   BANK0   BANK1   BANK3   BANK2
      Params:         0       0       0       0       0
      Locals:         0       0       0       0       0
      Temps:          0       0       0       0       0
      Totals:         0       0       0       0       0
Total ram usage:        0 bytes
 Hardware stack levels used:    1
 Hardware stack levels required when called:    4
 This function calls:
		_I2C_Hold
 This function is called by:
		_EEPROM_Read
 This function uses a non-reentrant model


 *************** function _I2C_Master_Write *****************
 Defined at:
		line 16 in file "I2C.c"
 Parameters:    Size  Location     Type
  data            1    wreg     unsigned char 
 Auto vars:     Size  Location     Type
  data            1    0[BANK0 ] unsigned char 
 Return value:  Size  Location     Type
                  1    wreg      unsigned char 
 Registers used:
		wreg, status,2, status,0, btemp+1, pclath, cstack
 Tracked objects:
		On entry : 
		On exit  : 
		Unchanged: 
 Data sizes:     COMMON   BANK0   BANK1   BANK3   BANK2
      Params:         0       0       0       0       0
      Locals:         0       1       0       0       0
      Temps:          0       0       0       0       0
      Totals:         0       1       0       0       0
Total ram usage:        1 bytes
 Hardware stack levels used:    1
 Hardware stack levels required when called:    4
 This function calls:
		_I2C_Hold
 This function is called by:
		_EEPROM_Write
		_EEPROM_Read
 This function uses a non-reentrant model


 *************** function _I2C_Master_RepeatedStart *****************
 Defined at:
		line 25 in file "I2C.c"
 Parameters:    Size  Location     Type
		None
 Auto vars:     Size  Location     Type
		None
 Return value:  Size  Location     Type
                  1    wreg      void 
 Registers used:
		wreg, status,2, status,0, pclath, cstack
 Tracked objects:
		On entry : 
		On exit  : 
		Unchanged: 
 Data sizes:     COMMON   BANK0   BANK1   BANK3   BANK2
      Params:         0       0       0       0       0
      Locals:         0       0       0       0       0
      Temps:          0       0       0       0       0
      Totals:         0       0       0       0       0
Total ram usage:        0 bytes
 Hardware stack levels used:    1
 Hardware stack levels required when called:    4
 This function calls:
		_I2C_Hold
 This function is called by:
		_EEPROM_Write
		_EEPROM_Read
 This function uses a non-reentrant model


 *************** function _I2C_End *****************
 Defined at:
		line 45 in file "I2C.c"
 Parameters:    Size  Location     Type
		None
 Auto vars:     Size  Location     Type
		None
 Return value:  Size  Location     Type
                  1    wreg      void 
 Registers used:
		wreg, status,2, status,0, pclath, cstack
 Tracked objects:
		On entry : 
		On exit  : 
		Unchanged: 
 Data sizes:     COMMON   BANK0   BANK1   BANK3   BANK2
      Params:         0       0       0       0       0
      Locals:         0       0       0       0       0
      Temps:          0       0       0       0       0
      Totals:         0       0       0       0       0
Total ram usage:        0 bytes
 Hardware stack levels used:    1
 Hardware stack levels required when called:    4
 This function calls:
		_I2C_Hold
 This function is called by:
		_EEPROM_Write
		_EEPROM_Read
 This function uses a non-reentrant model


 *************** function _I2C_Begin *****************
 Defined at:
		line 40 in file "I2C.c"
 Parameters:    Size  Location     Type
		None
 Auto vars:     Size  Location     Type
		None
 Return value:  Size  Location     Type
                  1    wreg      void 
 Registers used:
		wreg, status,2, status,0, pclath, cstack
 Tracked objects:
		On entry : 
		On exit  : 
		Unchanged: 
 Data sizes:     COMMON   BANK0   BANK1   BANK3   BANK2
      Params:         0       0       0       0       0
      Locals:         0       0       0       0       0
      Temps:          0       0       0       0       0
      Totals:         0       0       0       0       0
Total ram usage:        0 bytes
 Hardware stack levels used:    1
 Hardware stack levels required when called:    4
 This function calls:
		_I2C_Hold
 This function is called by:
		_EEPROM_Write
		_EEPROM_Read
 This function uses a non-reentrant model


 *************** function _I2C_Hold *****************
 Defined at:
		line 31 in file "I2C.c"
 Parameters:    Size  Location     Type
		None
 Auto vars:     Size  Location     Type
		None
 Return value:  Size  Location     Type
                  1    wreg      void 
 Registers used:
		wreg, status,2
 Tracked objects:
		On entry : 
		On exit  : 
		Unchanged: 
 Data sizes:     COMMON   BANK0   BANK1   BANK3   BANK2
      Params:         0       0       0       0       0
      Locals:         0       0       0       0       0
      Temps:          0       0       0       0       0
      Totals:         0       0       0       0       0
Total ram usage:        0 bytes
 Hardware stack levels used:    1
 Hardware stack levels required when called:    3
 This function calls:
		Nothing
 This function is called by:
		_I2C_Master_Write
		_I2C_Master_RepeatedStart
		_I2C_Begin
		_I2C_End
		_I2C_Read_Byte
		_I2C_NACK
		_I2C_Write
		_I2C_ACK
 This function uses a non-reentrant model


 *************** function _ADC_READ *****************
 Defined at:
		line 39 in file "ADC.c"
 Parameters:    Size  Location     Type
		None
 Auto vars:     Size  Location     Type
		None
 Return value:  Size  Location     Type
                  2   10[BANK0 ] unsigned int 
 Registers used:
		wreg, status,2, status,0, btemp+1, pclath, cstack
 Tracked objects:
		On entry : 
		On exit  : 
		Unchanged: 
 Data sizes:     COMMON   BANK0   BANK1   BANK3   BANK2
      Params:         0       2       0       0       0
      Locals:         0       0       0       0       0
      Temps:          0       1       0       0       0
      Totals:         0       3       0       0       0
Total ram usage:        3 bytes
 Hardware stack levels used:    1
 Hardware stack levels required when called:    4
 This function calls:
		_SwDelay_ms
		_SwDelay_us
 This function is called by:
		_main
 This function uses a non-reentrant model


 *************** function _SwDelay_us *****************
 Defined at:
		line 37 in file "software_delay.c"
 Parameters:    Size  Location     Type
  n               4    0[BANK0 ] unsigned long 
 Auto vars:     Size  Location     Type
		None
 Return value:  Size  Location     Type
                  1    wreg      void 
 Registers used:
		wreg
 Tracked objects:
		On entry : 
		On exit  : 
		Unchanged: 
 Data sizes:     COMMON   BANK0   BANK1   BANK3   BANK2
      Params:         0       4       0       0       0
      Locals:         0       0       0       0       0
      Temps:          0       4       0       0       0
      Totals:         0       8       0       0       0
Total ram usage:        8 bytes
 Hardware stack levels used:    1
 Hardware stack levels required when called:    3
 This function calls:
		Nothing
 This function is called by:
		_ADC_READ
 This function uses a non-reentrant model


 *************** function _SwDelay_ms *****************
 Defined at:
		line 10 in file "software_delay.c"
 Parameters:    Size  Location     Type
  n               4    0[BANK0 ] unsigned long 
 Auto vars:     Size  Location     Type
  counter_21      1    9[BANK0 ] unsigned char 
  counter_256     1    8[BANK0 ] unsigned char 
 Return value:  Size  Location     Type
                  1    wreg      void 
 Registers used:
		wreg, status,2, status,0, btemp+1
 Tracked objects:
		On entry : 
		On exit  : 
		Unchanged: 
 Data sizes:     COMMON   BANK0   BANK1   BANK3   BANK2
      Params:         0       4       0       0       0
      Locals:         0       2       0       0       0
      Temps:          0       4       0       0       0
      Totals:         0      10       0       0       0
Total ram usage:       10 bytes
 Hardware stack levels used:    1
 Hardware stack levels required when called:    3
 This function calls:
		Nothing
 This function is called by:
		_main
		_ADC_READ
 This function uses a non-reentrant model


 *************** function _checkmyisr *****************
 Defined at:
		line 11 in file "interrupts.c"
 Parameters:    Size  Location     Type
		None
 Auto vars:     Size  Location     Type
		None
 Return value:  Size  Location     Type
                  1    wreg      void 
 Registers used:
		wreg, fsr0l, fsr0h, status,2, status,0, btemp+1, pclath, cstack
 Tracked objects:
		On entry : 
		On exit  : 
		Unchanged: 
 Data sizes:     COMMON   BANK0   BANK1   BANK3   BANK2
      Params:         0       0       0       0       0
      Locals:         0       0       0       0       0
      Temps:          4       0       0       0       0
      Totals:         4       0       0       0       0
Total ram usage:        4 bytes
 Hardware stack levels used:    1
 Hardware stack levels required when called:    2
 This function calls:
		Absolute function
		_adc_interrupt_routine
		_timer0_interrupt_ovfRoutine
		_timer1_interrupt_ovfRoutine
		_timer2_interrupt_ovfRoutine
 This function is called by:
		Interrupt level 1
 This function uses a non-reentrant model


 *************** function _timer1_interrupt_ovfRoutine *****************
 Defined at:
		line 116 in file "Timer.c"
 Parameters:    Size  Location     Type
		None
 Auto vars:     Size  Location     Type
		None
 Return value:  Size  Location     Type
                  1    wreg      void 
 Registers used:
		wreg, status,2, status,0, btemp+1
 Tracked objects:
		On entry : 
		On exit  : 
		Unchanged: 
 Data sizes:     COMMON   BANK0   BANK1   BANK3   BANK2
      Params:         0       0       0       0       0
      Locals:         0       0       0       0       0
      Temps:          0       0       0       0       0
      Totals:         0       0       0       0       0
Total ram usage:        0 bytes
 Hardware stack levels used:    1
 This function calls:
		Nothing
 This function is called by:
		_checkmyisr
 This function uses a non-reentrant model


 *************** function _timer0_interrupt_ovfRoutine *****************
 Defined at:
		line 108 in file "Timer.c"
 Parameters:    Size  Location     Type
		None
 Auto vars:     Size  Location     Type
		None
 Return value:  Size  Location     Type
                  1    wreg      void 
 Registers used:
		wreg, status,2, status,0, btemp+1
 Tracked objects:
		On entry : 
		On exit  : 
		Unchanged: 
 Data sizes:     COMMON   BANK0   BANK1   BANK3   BANK2
      Params:         0       0       0       0       0
      Locals:         0       0       0       0       0
      Temps:          0       0       0       0       0
      Totals:         0       0       0       0       0
Total ram usage:        0 bytes
 Hardware stack levels used:    1
 This function calls:
		Nothing
 This function is called by:
		_checkmyisr
 This function uses a non-reentrant model


 *************** function _timer2_interrupt_ovfRoutine *****************
 Defined at:
		line 126 in file "Timer.c"
 Parameters:    Size  Location     Type
		None
 Auto vars:     Size  Location     Type
		None
 Return value:  Size  Location     Type
                  1    wreg      void 
 Registers used:
		wreg, status,2, status,0, btemp+1
 Tracked objects:
		On entry : 
		On exit  : 
		Unchanged: 
 Data sizes:     COMMON   BANK0   BANK1   BANK3   BANK2
      Params:         0       0       0       0       0
      Locals:         0       0       0       0       0
      Temps:          0       0       0       0       0
      Totals:         0       0       0       0       0
Total ram usage:        0 bytes
 Hardware stack levels used:    1
 This function calls:
		Nothing
 This function is called by:
		_checkmyisr
 This function uses a non-reentrant model


 *************** function _adc_interrupt_routine *****************
 Defined at:
		line 53 in file "ADC.c"
 Parameters:    Size  Location     Type
		None
 Auto vars:     Size  Location     Type
		None
 Return value:  Size  Location     Type
                  1    wreg      void 
 Registers used:
		wreg, fsr0l, fsr0h, status,2, status,0, btemp+1, pclath, cstack
 Tracked objects:
		On entry : 
		On exit  : 
		Unchanged: 
 Data sizes:     COMMON   BANK0   BANK1   BANK3   BANK2
      Params:         0       0       0       0       0
      Locals:         0       0       0       0       0
      Temps:          0       0       0       0       0
      Totals:         0       0       0       0       0
Total ram usage:        0 bytes
 Hardware stack levels used:    1
 Hardware stack levels required when called:    1
 This function calls:
		_clear_int_flag
 This function is called by:
		_ADC_INIT
		_checkmyisr
 This function uses a non-reentrant model


 *************** function _clear_int_flag *****************
 Defined at:
		line 142 in file "interrupts.c"
 Parameters:    Size  Location     Type
  u8_interrupt    1    wreg     unsigned char 
 Auto vars:     Size  Location     Type
  u8_interrupt    1    3[COMMON] unsigned char 
  ret_error       1    2[COMMON] unsigned char 
 Return value:  Size  Location     Type
                  1    wreg      unsigned char 
 Registers used:
		wreg, fsr0l, fsr0h, status,2, status,0, btemp+1
 Tracked objects:
		On entry : 
		On exit  : 
		Unchanged: 
 Data sizes:     COMMON   BANK0   BANK1   BANK3   BANK2
      Params:         0       0       0       0       0
      Locals:         2       0       0       0       0
      Temps:          2       0       0       0       0
      Totals:         4       0       0       0       0
Total ram usage:        4 bytes
 Hardware stack levels used:    1
 This function calls:
		Nothing
 This function is called by:
		_adc_interrupt_routine
 This function uses a non-reentrant model



MODULE INFORMATION

Module		Function		Class		Link	Load	Size
C:\Program Files\Microchip\xc8\v2.20\pic\sources\c90\common\Umul32.c
		___lmul        		CODE           	03B4	0000	73

C:\Program Files\Microchip\xc8\v2.20\pic\sources\c90\common\Umul32.c estimated size: 73

Timer.c
		_timer1_interrupt_ovfRoutine		CODE           	0576	0000	19
		_timer2_interrupt_ovfRoutine		CODE           	050F	0000	28
		_timer0_interrupt_ovfRoutine		CODE           	0599	0000	16

Timer.c estimated size: 63

C:\Program Files\Microchip\xc8\v2.20\pic\sources\c90\common\__lldiv.c
		___lldiv       		CODE           	024A	0000	105

C:\Program Files\Microchip\xc8\v2.20\pic\sources\c90\common\__lldiv.c estimated size: 105

interrupts.c
		_checkmyisr    		CODE           	0314	0000	88
		_clear_int_flag		CODE           	043C	0000	61

interrupts.c estimated size: 149

I2C.c
		_EEPROM_Read   		CODE           	036B	0000	74
		_EEPROM_Write  		CODE           	04B3	0000	53
		_I2C_Master_RepeatedStart		CODE           	05CC	0000	10
		_I2C_End       		CODE           	05D5	0000	10
		_I2C_Init      		CODE           	02B2	0000	99
		_I2C_Read_Byte 		CODE           	05C1	0000	12
		_I2C_Master_Write		CODE           	0551	0000	20
		_I2C_Hold      		CODE           	05A8	0000	14
		_I2C_NACK      		CODE           	05B5	0000	13
		_I2C_Begin     		CODE           	05DE	0000	10

I2C.c estimated size: 315

software_delay.c
		_SwDelay_ms    		CODE           	03FC	0000	65
		_SwDelay_us    		CODE           	04E7	0000	41

software_delay.c estimated size: 106

DIO.c
		_DIO_init      		CODE           	005D	0000	277

DIO.c estimated size: 277

shared
		__stringtab    		STRING         	05E7	0000	7
		__i1fptable    		ENTRY          	004B	0000	19
		_TMU_Configuration		STRING         	0000	0000	0
		__initialization		CODE           	0015	0000	50

shared estimated size: 76

ADC.c
		_adc_interrupt_routine		CODE           	0588	0000	18
		_ADC_READ      		CODE           	0478	0000	60

ADC.c estimated size: 78

main.c
		_main          		CODE           	0171	0000	218

main.c estimated size: 218

